// Vitest Snapshot v1, https://vitest.dev/guide/snapshot.html

exports[`Tabs Components > Snapshot Tests > should match snapshot 1`] = `
<div
  class="w-full "
>
  <div
    class="inline-flex h-10 items-center justify-center rounded-md bg-muted p-1 text-muted-foreground "
  >
    <button
      class="inline-flex items-center justify-center whitespace-nowrap rounded-sm px-3 py-1.5 text-sm font-medium ring-offset-background transition-all focus-visible:outline-none focus-visible:ring-2 focus-visible:ring-ring focus-visible:ring-offset-2 disabled:pointer-events-none disabled:opacity-50 bg-background text-foreground shadow-sm "
    >
      Tab 1
    </button>
    <button
      class="inline-flex items-center justify-center whitespace-nowrap rounded-sm px-3 py-1.5 text-sm font-medium ring-offset-background transition-all focus-visible:outline-none focus-visible:ring-2 focus-visible:ring-ring focus-visible:ring-offset-2 disabled:pointer-events-none disabled:opacity-50 hover:bg-accent hover:text-accent-foreground "
    >
      Tab 2
    </button>
  </div>
  <div
    class="mt-2 ring-offset-background focus-visible:outline-none focus-visible:ring-2 focus-visible:ring-ring focus-visible:ring-offset-2 "
  >
    Content 1
  </div>
</div>
`;
